2025/08/29 15:59:19 logger.go:36: Система логирования инициализирована
2025/08/29 15:59:32 logger.go:45: ДОБАВЛЕН ПОЛЬЗОВАТЕЛЬ: ID=5519824145, Username=@sohosquare, CurrentCity=Хабаровск, ForecastCity=Владивосток, WantDaily=true
2025/08/29 15:59:59 logger.go:45: ДОБАВЛЕН ПОЛЬЗОВАТЕЛЬ: ID=5519824145, Username=@sohosquare, CurrentCity=Санкт-Петербург, ForecastCity=Владивосток, WantDaily=true
2025/08/29 16:00:59 logger.go:45: ДОБАВЛЕН ПОЛЬЗОВАТЕЛЬ: ID=5519824145, Username=@sohosquare, CurrentCity=Санкт-Петербург, ForecastCity=Владивосток, WantDaily=true
2025/08/29 16:02:02 logger.go:36: Система логирования инициализирована
2025/08/29 16:02:52 logger.go:45: ДОБАВЛЕН ПОЛЬЗОВАТЕЛЬ: ID=5519824145, Username=@sohosquare, CurrentCity=Уссурийск, ForecastCity=Владивосток, WantDaily=true
2025/08/29 16:07:11 logger.go:36: Система логирования инициализирована
2025/08/29 16:07:45 logger.go:45: ДОБАВЛЕН ПОЛЬЗОВАТЕЛЬ: ID=5519824145, Username=@sohosquare, CurrentCity=Екатеринбург, ForecastCity=Владивосток, WantDaily=true
2025/08/29 16:13:22 logger.go:36: Система логирования инициализирована
2025/08/29 16:13:31 logger.go:45: ДОБАВЛЕН ПОЛЬЗОВАТЕЛЬ: ID=5519824145, Username=@sohosquare, CurrentCity=Москва, ForecastCity=Владивосток, WantDaily=true
2025/08/29 16:14:02 logger.go:45: ДОБАВЛЕН ПОЛЬЗОВАТЕЛЬ: ID=5519824145, Username=@sohosquare, CurrentCity=Москва, ForecastCity=Санкт-Петербург, WantDaily=true
2025/08/29 16:14:05 logger.go:54: ОБНОВЛЕН ПОЛЬЗОВАТЕЛЬ: ID=5519824145, Username=@sohosquare, CurrentCity=Москва, ForecastCity=Санкт-Петербург, WantDaily=false
2025/08/29 16:14:11 logger.go:54: ОБНОВЛЕН ПОЛЬЗОВАТЕЛЬ: ID=5519824145, Username=@sohosquare, CurrentCity=Москва, ForecastCity=Санкт-Петербург, WantDaily=false
2025/08/29 16:22:02 logger.go:36: Система логирования инициализирована
2025/08/29 16:22:15 logger.go:45: ДОБАВЛЕН ПОЛЬЗОВАТЕЛЬ: ID=5519824145, Username=@sohosquare, CurrentCity=Москва, ForecastCity=Санкт-Петербург, WantDaily=true
2025/08/29 16:22:23 logger.go:45: ДОБАВЛЕН ПОЛЬЗОВАТЕЛЬ: ID=5519824145, Username=@sohosquare, CurrentCity=Большой Камень, ForecastCity=Санкт-Петербург, WantDaily=true
2025/08/29 16:22:30 logger.go:54: ОБНОВЛЕН ПОЛЬЗОВАТЕЛЬ: ID=5519824145, Username=@sohosquare, CurrentCity=Большой Камень, ForecastCity=Санкт-Петербург, WantDaily=false
2025/08/29 16:23:14 logger.go:36: Система логирования инициализирована
2025/08/29 16:23:24 logger.go:45: ДОБАВЛЕН ПОЛЬЗОВАТЕЛЬ: ID=5519824145, Username=@sohosquare, CurrentCity=Большой Камень, ForecastCity=Санкт-Петербург, WantDaily=true
2025/08/29 16:23:30 logger.go:54: ОБНОВЛЕН ПОЛЬЗОВАТЕЛЬ: ID=5519824145, Username=@sohosquare, CurrentCity=Большой Камень, ForecastCity=, WantDaily=false
2025/08/29 16:23:50 logger.go:45: ДОБАВЛЕН ПОЛЬЗОВАТЕЛЬ: ID=5519824145, Username=@sohosquare, CurrentCity=Большой Камень, ForecastCity=Санкт-Петербург, WantDaily=true
2025/08/29 16:23:58 logger.go:45: ДОБАВЛЕН ПОЛЬЗОВАТЕЛЬ: ID=5519824145, Username=@sohosquare, CurrentCity=Санкт-Петербург, ForecastCity=Санкт-Петербург, WantDaily=true
